// Jest Snapshot v1, https://jestjs.io/docs/snapshot-testing

exports[`Renders homepage 1`] = `
<div>
  <main
    class="h-screen w-screen bg-background"
  >
    <div
      class="flex flex-col w-full h-full items-center justify-start py-6 px-2 sm:px-0 mx-auto max-w-full sm:max-w-5/6 lg:max-w-5xl"
    >
      <h2
        class="text-4xl text-foreground"
      >
        Hello World
      </h2>
    </div>
  </main>
</div>
`;
